2026-05-13 20:35:39.996 [asyncExecutor-6] ERROR com.alibaba.druid.filter.stat.StatFilter - slow sql 1778 millis. INSERT INTO ape_operate_log  ( id,
name,
type,
method,
request_type,
oper_type,
oper_user_id,
oper_user_name,
oper_user_account,
oper_time,
oper_url,
oper_ip,

oper_param,
result_param,
state )  VALUES  ( ?,
?,
?,
?,
?,
?,
?,
?,
?,
?,
?,
?,

?,
?,
? )["2054541073922416641","分页获取章节",7,"com.ape.apeadmin.controller.chapter.ApeChapterController.getApeChapterPage()","POST",1,"c864ceb6e258c75d183ba54a2033bd77","白易","baiyi","2026-05-13 20:35:38","/chapter/getApeChapterPage","127.0.0.1","{}","{\"code\":1000,\"data\":{\"current\":1,\"hitCount\":false,\"optimizeCountSql\":true,\"orders\":[],\"pages\":2,\"...",0]
