2026-04-15 13:36:02.284 [asyncExecutor-8] ERROR com.alibaba.druid.filter.stat.StatFilter - slow sql 1044 millis. INSERT INTO ape_operate_log  ( id,
name,
type,
method,
request_type,
oper_type,
oper_user_id,
oper_user_name,
oper_user_account,
oper_time,
oper_url,
oper_ip,

oper_param,
result_param,
state )  VALUES  ( ?,
?,
?,
?,
?,
?,
?,
?,
?,
?,
?,
?,

?,
?,
? )["2044288611378642946","分页查询公告",7,"com.ape.apeadmin.controller.account.ApeAccountController.getAccountPage()","POST",1,"1729701951310757890","里里","langwei","2026-04-15 13:36:00","/account/getAccountPage","127.0.0.1","{}","{\"code\":1000,\"data\":{\"current\":1,\"hitCount\":false,\"optimizeCountSql\":true,\"orders\":[],\"pages\":1,\"...",0]
