2026-05-01 20:52:37.654 [asyncExecutor-1] ERROR com.alibaba.druid.filter.stat.StatFilter - slow sql 1863 millis. INSERT INTO ape_operate_log  ( id,
name,
type,
method,
request_type,
oper_type,
oper_user_id,
oper_user_name,
oper_user_account,
oper_time,
oper_url,
oper_ip,

oper_param,
result_param,
state )  VALUES  ( ?,
?,
?,
?,
?,
?,
?,
?,
?,
?,
?,
?,

?,
?,
? )["2050196687226974209","根据id获取章节",7,"com.ape.apeadmin.controller.chapter.ApeChapterController.getApeChapterById()","GET",1,"1697436716646531073","超级管理员","admin","2026-05-01 20:52:35","/chapter/getApeChapterById","127.0.0.1","{\"random\":[\"0.1990489915847522\"],\"id\":[\"1730032800929447937\"]}","{\"code\":1000,\"data\":{\"courseware\":\"/file/1701306932618.pdf\",\"coursewareName\":\"1701306932618.pdf\",...",0]
