2026-04-27 11:57:15.056 [asyncExecutor-9] ERROR com.alibaba.druid.filter.stat.StatFilter - slow sql 1196 millis. INSERT INTO ape_operate_log  ( id,
name,
type,
method,
request_type,
oper_type,
oper_user_id,
oper_user_name,
oper_user_account,
oper_time,
oper_url,
oper_ip,

oper_param,
result_param,
state )  VALUES  ( ?,
?,
?,
?,
?,
?,
?,
?,
?,
?,
?,
?,

?,
?,
? )["2048612406121791489","分页获取课程报名",7,"com.ape.apeadmin.controller.task.ApeTaskStudentController.getApeTaskStudentPage()","POST",1,"25cce9e59d9f0cf22c9479a49f71891d","安巧","anqiao","2026-04-27 11:57:13","/student/getApeTaskStudentPage","127.0.0.1","{}","{\"code\":1000,\"data\":{\"current\":1,\"hitCount\":false,\"optimizeCountSql\":true,\"orders\":[],\"pages\":1,\"...",0]
2026-04-27 11:57:15.056 [asyncExecutor-7] ERROR com.alibaba.druid.filter.stat.StatFilter - slow sql 1393 millis. INSERT INTO ape_operate_log  ( id,
name,
type,
method,
request_type,
oper_type,
oper_user_id,
oper_user_name,
oper_user_account,
oper_time,
oper_url,
oper_ip,

oper_param,
result_param,
state )  VALUES  ( ?,
?,
?,
?,
?,
?,
?,
?,
?,
?,
?,
?,

?,
?,
? )["2048612404628619266","根据用户获取菜单权限",7,"com.ape.apeadmin.controller.menu.ApeMenuController.getMenuByUser()","GET",1,"25cce9e59d9f0cf22c9479a49f71891d","安巧","anqiao","2026-04-27 11:57:13","/menu/getMenuByUser","127.0.0.1","{\"random\":[\"0.998498017448998\"]}","{\"code\":1000,\"data\":[{\"componentUrl\":\"/system/task/teacherTask\",\"createBy\":\"超级管理员\",\"createTime\":\"...",0]
